Archive member included to satisfy reference by file (symbol)

C:\Users\EMANCI~1\DOCUME~1\ATMELS~1\7.0\LABDES~1\Lab1\ARDUIN~1\ARDUIN~1\ARDUIN~1\Debug\libArduinoCore.a(HardwareSerial.o)
                              Sketch.o (_ZN14HardwareSerial9availableEv)
C:\Users\EMANCI~1\DOCUME~1\ATMELS~1\7.0\LABDES~1\Lab1\ARDUIN~1\ARDUIN~1\ARDUIN~1\Debug\libArduinoCore.a(HardwareSerial0.o)
                              Sketch.o (Serial)
C:\Users\EMANCI~1\DOCUME~1\ATMELS~1\7.0\LABDES~1\Lab1\ARDUIN~1\ARDUIN~1\ARDUIN~1\Debug\libArduinoCore.a(Print.o)
                              C:\Users\EMANCI~1\DOCUME~1\ATMELS~1\7.0\LABDES~1\Lab1\ARDUIN~1\ARDUIN~1\ARDUIN~1\Debug\libArduinoCore.a(HardwareSerial.o) (_ZN5Print5writeEPKhj)
C:\Users\EMANCI~1\DOCUME~1\ATMELS~1\7.0\LABDES~1\Lab1\ARDUIN~1\ARDUIN~1\ARDUIN~1\Debug\libArduinoCore.a(wiring.o)
                              Sketch.o (millis)
C:\Users\EMANCI~1\DOCUME~1\ATMELS~1\7.0\LABDES~1\Lab1\ARDUIN~1\ARDUIN~1\ARDUIN~1\Debug\libArduinoCore.a(MD_MAX72xx.o)
                              Sketch.o (_ZN10MD_MAX72XXC1Ehh)
C:\Users\EMANCI~1\DOCUME~1\ATMELS~1\7.0\LABDES~1\Lab1\ARDUIN~1\ARDUIN~1\ARDUIN~1\Debug\libArduinoCore.a(MD_MAX72xx_font.o)
                              C:\Users\EMANCI~1\DOCUME~1\ATMELS~1\7.0\LABDES~1\Lab1\ARDUIN~1\ARDUIN~1\ARDUIN~1\Debug\libArduinoCore.a(MD_MAX72xx.o) (_ZN10MD_MAX72XX7setFontEPKh)
C:\Users\EMANCI~1\DOCUME~1\ATMELS~1\7.0\LABDES~1\Lab1\ARDUIN~1\ARDUIN~1\ARDUIN~1\Debug\libArduinoCore.a(MD_MAX72xx_pix.o)
                              C:\Users\EMANCI~1\DOCUME~1\ATMELS~1\7.0\LABDES~1\Lab1\ARDUIN~1\ARDUIN~1\ARDUIN~1\Debug\libArduinoCore.a(MD_MAX72xx.o) (_ZN10MD_MAX72XX5clearEhh)
C:\Users\EMANCI~1\DOCUME~1\ATMELS~1\7.0\LABDES~1\Lab1\ARDUIN~1\ARDUIN~1\ARDUIN~1\Debug\libArduinoCore.a(abi.o)
                              C:\Users\EMANCI~1\DOCUME~1\ATMELS~1\7.0\LABDES~1\Lab1\ARDUIN~1\ARDUIN~1\ARDUIN~1\Debug\libArduinoCore.a(Print.o) (__cxa_pure_virtual)
C:\Users\EMANCI~1\DOCUME~1\ATMELS~1\7.0\LABDES~1\Lab1\ARDUIN~1\ARDUIN~1\ARDUIN~1\Debug\libArduinoCore.a(hooks.o)
                              C:\Users\EMANCI~1\DOCUME~1\ATMELS~1\7.0\LABDES~1\Lab1\ARDUIN~1\ARDUIN~1\ARDUIN~1\Debug\libArduinoCore.a(wiring.o) (yield)
C:\Users\EMANCI~1\DOCUME~1\ATMELS~1\7.0\LABDES~1\Lab1\ARDUIN~1\ARDUIN~1\ARDUIN~1\Debug\libArduinoCore.a(wiring_digital.o)
                              C:\Users\EMANCI~1\DOCUME~1\ATMELS~1\7.0\LABDES~1\Lab1\ARDUIN~1\ARDUIN~1\ARDUIN~1\Debug\libArduinoCore.a(MD_MAX72xx.o) (pinMode)
C:\Users\EMANCI~1\DOCUME~1\ATMELS~1\7.0\LABDES~1\Lab1\ARDUIN~1\ARDUIN~1\ARDUIN~1\Debug\libArduinoCore.a(wiring_shift.o)
                              C:\Users\EMANCI~1\DOCUME~1\ATMELS~1\7.0\LABDES~1\Lab1\ARDUIN~1\ARDUIN~1\ARDUIN~1\Debug\libArduinoCore.a(MD_MAX72xx.o) (shiftOut)
C:\Users\EMANCI~1\DOCUME~1\ATMELS~1\7.0\LABDES~1\Lab1\ARDUIN~1\ARDUIN~1\ARDUIN~1\Debug\libArduinoCore.a(MD_MAX72xx_buf.o)
                              C:\Users\EMANCI~1\DOCUME~1\ATMELS~1\7.0\LABDES~1\Lab1\ARDUIN~1\ARDUIN~1\ARDUIN~1\Debug\libArduinoCore.a(MD_MAX72xx_pix.o) (_ZN10MD_MAX72XX9getColumnEhh)
c:/program files (x86)/atmel/studio/7.0/toolchain/avr8/avr8-gnu-toolchain/bin/../lib/gcc/avr/4.9.2/../../../../avr/lib/avr5\libm.a(addsf3.o)
                              C:\Users\EMANCI~1\DOCUME~1\ATMELS~1\7.0\LABDES~1\Lab1\ARDUIN~1\ARDUIN~1\ARDUIN~1\Debug\libArduinoCore.a(Print.o) (__subsf3)
c:/program files (x86)/atmel/studio/7.0/toolchain/avr8/avr8-gnu-toolchain/bin/../lib/gcc/avr/4.9.2/../../../../avr/lib/avr5\libm.a(addsf3x.o)
                              c:/program files (x86)/atmel/studio/7.0/toolchain/avr8/avr8-gnu-toolchain/bin/../lib/gcc/avr/4.9.2/../../../../avr/lib/avr5\libm.a(addsf3.o) (__addsf3x)
c:/program files (x86)/atmel/studio/7.0/toolchain/avr8/avr8-gnu-toolchain/bin/../lib/gcc/avr/4.9.2/../../../../avr/lib/avr5\libm.a(cmpsf2.o)
                              C:\Users\EMANCI~1\DOCUME~1\ATMELS~1\7.0\LABDES~1\Lab1\ARDUIN~1\ARDUIN~1\ARDUIN~1\Debug\libArduinoCore.a(Print.o) (__ltsf2)
c:/program files (x86)/atmel/studio/7.0/toolchain/avr8/avr8-gnu-toolchain/bin/../lib/gcc/avr/4.9.2/../../../../avr/lib/avr5\libm.a(divsf3.o)
                              C:\Users\EMANCI~1\DOCUME~1\ATMELS~1\7.0\LABDES~1\Lab1\ARDUIN~1\ARDUIN~1\ARDUIN~1\Debug\libArduinoCore.a(Print.o) (__divsf3)
c:/program files (x86)/atmel/studio/7.0/toolchain/avr8/avr8-gnu-toolchain/bin/../lib/gcc/avr/4.9.2/../../../../avr/lib/avr5\libm.a(divsf3x.o)
                              c:/program files (x86)/atmel/studio/7.0/toolchain/avr8/avr8-gnu-toolchain/bin/../lib/gcc/avr/4.9.2/../../../../avr/lib/avr5\libm.a(divsf3.o) (__divsf3x)
c:/program files (x86)/atmel/studio/7.0/toolchain/avr8/avr8-gnu-toolchain/bin/../lib/gcc/avr/4.9.2/../../../../avr/lib/avr5\libm.a(fixunssfsi.o)
                              C:\Users\EMANCI~1\DOCUME~1\ATMELS~1\7.0\LABDES~1\Lab1\ARDUIN~1\ARDUIN~1\ARDUIN~1\Debug\libArduinoCore.a(Print.o) (__fixunssfsi)
[...]
Memory Configuration

Name             Origin             Length             Attributes
text             0x00000000         0x00020000         xr
data             0x00800060         0x0000ffa0         rw !x
eeprom           0x00810000         0x00010000         rw !x
fuse             0x00820000         0x00000003         rw !x
lock             0x00830000         0x00000400         rw !x
signature        0x00840000         0x00000400         rw !x
user_signatures  0x00850000         0x00000400         rw !x
*default*        0x00000000         0xffffffff

Linker script and memory map

Address of section .data set to 0x800100
LOAD C:/Program Files (x86)/Atmel/Studio/7.0/Packs/atmel/ATmega_DFP/1.1.130/gcc/dev/atmega328p/avr5/crtatmega328p.o
LOAD Sketch.o
LOAD src/ASF/mega/boards/atmega328p_xplained_mini/init.o
LOAD src/main.o
START GROUP
LOAD c:/program files (x86)/atmel/studio/7.0/toolchain/avr8/avr8-gnu-toolchain/bin/../lib/gcc/avr/4.9.2/../../../../avr/lib/avr5\libm.a
LOAD C:\Users\EMANCI~1\DOCUME~1\ATMELS~1\7.0\LABDES~1\Lab1\ARDUIN~1\ARDUIN~1\ARDUIN~1\Debug\libArduinoCore.a
END GROUP
LOAD c:/program files (x86)/atmel/studio/7.0/toolchain/avr8/avr8-gnu-toolchain/bin/../lib/gcc/avr/4.9.2/avr5\libgcc.a
LOAD c:/program files (x86)/atmel/studio/7.0/toolchain/avr8/avr8-gnu-toolchain/bin/../lib/gcc/avr/4.9.2/../../../../avr/lib/avr5\libm.a
START GROUP
LOAD c:/program files (x86)/atmel/studio/7.0/toolchain/avr8/avr8-gnu-toolchain/bin/../lib/gcc/avr/4.9.2/avr5\libgcc.a
LOAD c:/program files (x86)/atmel/studio/7.0/toolchain/avr8/avr8-gnu-toolchain/bin/../lib/gcc/avr/4.9.2/../../../../avr/lib/avr5\libm.a
LOAD c:/program files (x86)/atmel/studio/7.0/toolchain/avr8/avr8-gnu-toolchain/bin/../lib/gcc/avr/4.9.2/../../../../avr/lib/avr5\libc.a
LOAD C:/Program Files (x86)/Atmel/Studio/7.0/Packs/atmel/ATmega_DFP/1.1.130/gcc/dev/atmega328p/avr5\libatmega328p.a
END GROUP
                0x00020000                __TEXT_REGION_LENGTH__ = DEFINED (__TEXT_REGION_LENGTH__)?__TEXT_REGION_LENGTH__:0x20000
                0x0000ffa0                __DATA_REGION_LENGTH__ = DEFINED (__DATA_REGION_LENGTH__)?__DATA_REGION_LENGTH__:0xffa0
                0x00010000                __EEPROM_REGION_LENGTH__ = DEFINED (__EEPROM_REGION_LENGTH__)?__EEPROM_REGION_LENGTH__:0x10000
                [0x00000003]                __FUSE_REGION_LENGTH__ = DEFINED (__FUSE_REGION_LENGTH__)?__FUSE_REGION_LENGTH__:0x400
                0x00000400                __LOCK_REGION_LENGTH__ = DEFINED (__LOCK_REGION_LENGTH__)?__LOCK_REGION_LENGTH__:0x400
                0x00000400                __SIGNATURE_REGION_LENGTH__ = DEFINED (__SIGNATURE_REGION_LENGTH__)?__SIGNATURE_REGION_LENGTH__:0x400
                0x00000400                __USER_SIGNATURE_REGION_LENGTH__ = DEFINED (__USER_SIGNATURE_REGION_LENGTH__)?__USER_SIGNATURE_REGION_LENGTH__:0x400

.hash
 *(.hash)

.dynsym
 *(.dynsym)

.dynstr
 *(.dynstr)

.gnu.version
 *(.gnu.version)

.gnu.version_d
 *(.gnu.version_d)

.gnu.version_r
 *(.gnu.version_r)

.rel.init
 *(.rel.init)

.rela.init
 *(.rela.init)

.rel.text
 *(.rel.text)
 *(.rel.text.*)
 *(.rel.gnu.linkonce.t*)

.rela.text
 *(.rela.text)
 *(.rela.text.*)
 *(.rela.gnu.linkonce.t*)

.rel.fini
 *(.rel.fini)

.rela.fini
 *(.rela.fini)

.rel.rodata
 *(.rel.rodata)
 *(.rel.rodata.*)
 *(.rel.gnu.linkonce.r*)

.rela.rodata
 *(.rela.rodata)
 *(.rela.rodata.*)
 *(.rela.gnu.linkonce.r*)

.rel.data
 *(.rel.data)
 *(.rel.data.*)
 *(.rel.gnu.linkonce.d*)

.rela.data
 *(.rela.data)
 *(.rela.data.*)
 *(.rela.gnu.linkonce.d*)

.rel.ctors
 *(.rel.ctors)

.rela.ctors
 *(.rela.ctors)

.rel.dtors
 *(.rel.dtors)

.rela.dtors
 *(.rela.dtors)

.rel.got
 *(.rel.got)

.rela.got
 *(.rela.got)

.rel.bss
 *(.rel.bss)

.rela.bss
 *(.rela.bss)

.rel.plt
 *(.rel.plt)

.rela.plt
 *(.rela.plt)

.text           0x00000000      0x70e
 *(.vectors)
 .vectors       0x00000000       0x68 C:/Program Files (x86)/Atmel/Studio/7.0/Packs/atmel/ATmega_DFP/1.1.130/gcc/dev/atmega328p/avr5/crtatmega328p.o
                0x00000000                __vector_default
                0x00000000                __vectors
 *(.vectors)
 *(.progmem.gcc*)
                0x00000068                . = ALIGN (0x2)
                0x00000068                __trampolines_start = .
 *(.trampolines)
 .trampolines   0x00000068        0x0 linker stubs
 *(.trampolines*)
                0x00000068                __trampolines_end = .
 *libprintf_flt.a:*(.progmem.data)
 *libc.a:*(.progmem.data)
 *(.progmem*)
                0x00000068                . = ALIGN (0x2)
 *(.jumptables)
 *(.jumptables*)
 *(.lowtext)
 *(.lowtext*)
                0x00000068                __ctors_start = .
 *(.ctors)
 .ctors         0x00000068        0x2 Sketch.o
 .ctors         0x0000006a        0x2 C:\Users\EMANCI~1\DOCUME~1\ATMELS~1\7.0\LABDES~1\Lab1\ARDUIN~1\ARDUIN~1\ARDUIN~1\Debug\libArduinoCore.a(HardwareSerial0.o)
                0x0000006c                __ctors_end = .
                0x0000006c                __dtors_start = .
 *(.dtors)
 .dtors         0x0000006c        0x2 Sketch.o
                0x0000006e                __dtors_end = .
 SORT(*)(.ctors)
 SORT(*)(.dtors)
 *(.init0)
 .init0         0x0000006e        0x0 C:/Program Files (x86)/Atmel/Studio/7.0/Packs/atmel/ATmega_DFP/1.1.130/gcc/dev/atmega328p/avr5/crtatmega328p.o
                0x0000006e                __init
 *(.init0)
 *(.init1)
 *(.init1)
 *(.init2)
 .init2         0x0000006e        0xc C:/Program Files (x86)/Atmel/Studio/7.0/Packs/atmel/ATmega_DFP/1.1.130/gcc/dev/atmega328p/avr5/crtatmega328p.o
 *(.init2)
 *(.init3)
 *(.init3)
 *(.init4)
 .init4         0x0000007a       0x16 c:/program files (x86)/atmel/studio/7.0/toolchain/avr8/avr8-gnu-toolchain/bin/../lib/gcc/avr/4.9.2/avr5\libgcc.a(_copy_data.o)
                0x0000007a                __do_copy_data
 .init4         0x00000090       0x10 c:/program files (x86)/atmel/studio/7.0/toolchain/avr8/avr8-gnu-toolchain/bin/../lib/gcc/avr/4.9.2/avr5\libgcc.a(_clear_bss.o)
                0x00000090                __do_clear_bss
 *(.init4)
 *(.init5)
 *(.init5)
 *(.init6)
 .init6         0x000000a0       0x16 c:/program files (x86)/atmel/studio/7.0/toolchain/avr8/avr8-gnu-toolchain/bin/../lib/gcc/avr/4.9.2/avr5\libgcc.a(_ctors.o)
                0x000000a0                __do_global_ctors
 *(.init6)
 *(.init7)
 *(.init7)
 *(.init8)
 *(.init8)
 *(.init9)
 .init9         0x000000b6        0x8 C:/Program Files (x86)/Atmel/Studio/7.0/Packs/atmel/ATmega_DFP/1.1.130/gcc/dev/atmega328p/avr5/crtatmega328p.o
 *(.init9)
 *(.text)
 .text          0x000000be        0x4 C:/Program Files (x86)/Atmel/Studio/7.0/Packs/atmel/ATmega_DFP/1.1.130/gcc/dev/atmega328p/avr5/crtatmega328p.o
                0x000000be                __vector_22
                0x000000be                __vector_1
                0x000000be                __vector_24
                0x000000be                __vector_12
                0x000000be                __bad_interrupt
                0x000000be                __vector_6
                0x000000be                __vector_3
                0x000000be                __vector_23
                0x000000be                __vector_25
                0x000000be                __vector_11
                0x000000be                __vector_13
                0x000000be                __vector_17
                0x000000be                __vector_7
                0x000000be                __vector_5
                0x000000be                __vector_4
                0x000000be                __vector_9
                0x000000be                __vector_2
                0x000000be                __vector_21
                0x000000be                __vector_15
                0x000000be                __vector_8
                0x000000be                __vector_14
                0x000000be                __vector_10
                0x000000be                __vector_20
                0x000000c2                . = ALIGN (0x2)
 *(.text.*)
 .text.startup._GLOBAL__sub_I_mx
                0x000000c2        0xc Sketch.o
 .text.exit._GLOBAL__sub_D_mx
                0x000000ce        0x8 Sketch.o
 .text.board_init
                0x000000d6       0x12 src/ASF/mega/boards/atmega328p_xplained_mini/init.o
                0x000000d6                board_init
 .text.main     0x000000e8        0xa src/main.o
                0x000000e8                main
 .text._ZN14HardwareSerial9availableEv
                0x000000f2       0x18 C:\Users\EMANCI~1\DOCUME~1\ATMELS~1\7.0\LABDES~1\Lab1\ARDUIN~1\ARDUIN~1\ARDUIN~1\Debug\libArduinoCore.a(HardwareSerial.o)
                0x000000f2                _ZN14HardwareSerial9availableEv
 .text._ZN14HardwareSerial4peekEv
                0x0000010a       0x1c C:\Users\EMANCI~1\DOCUME~1\ATMELS~1\7.0\LABDES~1\Lab1\ARDUIN~1\ARDUIN~1\ARDUIN~1\Debug\libArduinoCore.a(HardwareSerial.o)
                0x0000010a                _ZN14HardwareSerial4peekEv
 .text._ZN14HardwareSerial4readEv
                0x00000126       0x28 C:\Users\EMANCI~1\DOCUME~1\ATMELS~1\7.0\LABDES~1\Lab1\ARDUIN~1\ARDUIN~1\ARDUIN~1\Debug\libArduinoCore.a(HardwareSerial.o)
                0x00000126                _ZN14HardwareSerial4readEv
 .text._ZN14HardwareSerial17_tx_udr_empty_irqEv
                0x0000014e       0x42 C:\Users\EMANCI~1\DOCUME~1\ATMELS~1\7.0\LABDES~1\Lab1\ARDUIN~1\ARDUIN~1\ARDUIN~1\Debug\libArduinoCore.a(HardwareSerial.o)
                0x0000014e                _ZN14HardwareSerial17_tx_udr_empty_irqEv
 .text._ZN14HardwareSerial5flushEv
                0x00000190       0x44 C:\Users\EMANCI~1\DOCUME~1\ATMELS~1\7.0\LABDES~1\Lab1\ARDUIN~1\ARDUIN~1\ARDUIN~1\Debug\libArduinoCore.a(HardwareSerial.o)
                0x00000190                _ZN14HardwareSerial5flushEv
 .text._ZN14HardwareSerial5writeEh
                0x000001d4       0x8e C:\Users\EMANCI~1\DOCUME~1\ATMELS~1\7.0\LABDES~1\Lab1\ARDUIN~1\ARDUIN~1\ARDUIN~1\Debug\libArduinoCore.a(HardwareSerial.o)
                0x000001d4                _ZN14HardwareSerial5writeEh
 .text.__vector_18
                0x00000262       0x64 C:\Users\EMANCI~1\DOCUME~1\ATMELS~1\7.0\LABDES~1\Lab1\ARDUIN~1\ARDUIN~1\ARDUIN~1\Debug\libArduinoCore.a(HardwareSerial0.o)
                0x00000262                __vector_18
 .text.__vector_19
                0x000002c6       0x4c C:\Users\EMANCI~1\DOCUME~1\ATMELS~1\7.0\LABDES~1\Lab1\ARDUIN~1\ARDUIN~1\ARDUIN~1\Debug\libArduinoCore.a(HardwareSerial0.o)
                0x000002c6                __vector_19
 .text.startup._GLOBAL__sub_I___vector_18
                0x00000312       0x5a C:\Users\EMANCI~1\DOCUME~1\ATMELS~1\7.0\LABDES~1\Lab1\ARDUIN~1\ARDUIN~1\ARDUIN~1\Debug\libArduinoCore.a(HardwareSerial0.o)
 .text._ZN5Print5writeEPKhj
                0x0000036c       0x56 C:\Users\EMANCI~1\DOCUME~1\ATMELS~1\7.0\LABDES~1\Lab1\ARDUIN~1\ARDUIN~1\ARDUIN~1\Debug\libArduinoCore.a(Print.o)
                0x0000036c                _ZN5Print5writeEPKhj
 .text.__vector_16
                0x000003c2       0x94 C:\Users\EMANCI~1\DOCUME~1\ATMELS~1\7.0\LABDES~1\Lab1\ARDUIN~1\ARDUIN~1\ARDUIN~1\Debug\libArduinoCore.a(wiring.o)
                0x000003c2                __vector_16
 .text._ZN10MD_MAX72XXC2Ehh
                0x00000456       0x12 C:\Users\EMANCI~1\DOCUME~1\ATMELS~1\7.0\LABDES~1\Lab1\ARDUIN~1\ARDUIN~1\ARDUIN~1\Debug\libArduinoCore.a(MD_MAX72xx.o)
                0x00000456                _ZN10MD_MAX72XXC2Ehh
                0x00000456                _ZN10MD_MAX72XXC1Ehh
 .text._ZN10MD_MAX72XXD2Ev
                0x00000468       0x26 C:\Users\EMANCI~1\DOCUME~1\ATMELS~1\7.0\LABDES~1\Lab1\ARDUIN~1\ARDUIN~1\ARDUIN~1\Debug\libArduinoCore.a(MD_MAX72xx.o)
                0x00000468                _ZN10MD_MAX72XXD1Ev
                0x00000468                _ZN10MD_MAX72XXD2Ev
 .text.libgcc   0x0000048e        0xc c:/program files (x86)/atmel/studio/7.0/toolchain/avr8/avr8-gnu-toolchain/bin/../lib/gcc/avr/4.9.2/avr5\libgcc.a(_tablejump2.o)
                0x0000048e                __tablejump2__
 .text.avr-libc
                0x0000049a      0x25a c:/program files (x86)/atmel/studio/7.0/toolchain/avr8/avr8-gnu-toolchain/bin/../lib/gcc/avr/4.9.2/../../../../avr/lib/avr5\libc.a(malloc.o)
                0x0000049a                malloc
                0x000005c4                free
                0x000006f4                . = ALIGN (0x2)
 *(.fini9)
 .fini9         0x000006f4        0x0 c:/program files (x86)/atmel/studio/7.0/toolchain/avr8/avr8-gnu-toolchain/bin/../lib/gcc/avr/4.9.2/avr5\libgcc.a(_exit.o)
                0x000006f4                _exit
                0x000006f4                exit
 *(.fini9)
 *(.fini8)
 *(.fini8)
 *(.fini7)
 *(.fini7)
 *(.fini6)
 .fini6         0x000006f4       0x16 c:/program files (x86)/atmel/studio/7.0/toolchain/avr8/avr8-gnu-toolchain/bin/../lib/gcc/avr/4.9.2/avr5\libgcc.a(_dtors.o)
                0x000006f4                __do_global_dtors
 *(.fini6)
 *(.fini5)
 *(.fini5)
 *(.fini4)
 *(.fini4)
 *(.fini3)
 *(.fini3)
 *(.fini2)
 *(.fini2)
 *(.fini1)
 *(.fini1)
 *(.fini0)
 .fini0         0x0000070a        0x4 c:/program files (x86)/atmel/studio/7.0/toolchain/avr8/avr8-gnu-toolchain/bin/../lib/gcc/avr/4.9.2/avr5\libgcc.a(_exit.o)
 *(.fini0)
                0x0000070e                _etext = .

.data           0x00800100       0x16 load address 0x0000070e
                0x00800100                PROVIDE (__data_start, .)
 *(.data)
 .data          0x00800100        0x6 c:/program files (x86)/atmel/studio/7.0/toolchain/avr8/avr8-gnu-toolchain/bin/../lib/gcc/avr/4.9.2/../../../../avr/lib/avr5\libc.a(malloc.o)
                0x00800100                __malloc_heap_end
                0x00800102                __malloc_heap_start
                0x00800104                __malloc_margin
 *(.data*)
 *(.rodata)
 *(.rodata*)
 .rodata._ZTV14HardwareSerial
                0x00800106       0x10 C:\Users\EMANCI~1\DOCUME~1\ATMELS~1\7.0\LABDES~1\Lab1\ARDUIN~1\ARDUIN~1\ARDUIN~1\Debug\libArduinoCore.a(HardwareSerial.o)
                0x00800106                _ZTV14HardwareSerial
 *(.gnu.linkonce.d*)
                0x00800116                . = ALIGN (0x2)
                0x00800116                _edata = .
                0x00800116                PROVIDE (__data_end, .)

.bss            0x00800116       0xbd
                0x00800116                PROVIDE (__bss_start, .)
 *(.bss)
 *(.bss*)
 .bss.mx        0x00800116       0x13 Sketch.o
                0x00800116                mx
 .bss.Serial    0x00800129       0x9d C:\Users\EMANCI~1\DOCUME~1\ATMELS~1\7.0\LABDES~1\Lab1\ARDUIN~1\ARDUIN~1\ARDUIN~1\Debug\libArduinoCore.a(HardwareSerial0.o)
                0x00800129                Serial
 .bss.timer0_fract
                0x008001c6        0x1 C:\Users\EMANCI~1\DOCUME~1\ATMELS~1\7.0\LABDES~1\Lab1\ARDUIN~1\ARDUIN~1\ARDUIN~1\Debug\libArduinoCore.a(wiring.o)
 .bss.timer0_millis
                0x008001c7        0x4 C:\Users\EMANCI~1\DOCUME~1\ATMELS~1\7.0\LABDES~1\Lab1\ARDUIN~1\ARDUIN~1\ARDUIN~1\Debug\libArduinoCore.a(wiring.o)
                0x008001c7                timer0_millis
 .bss.timer0_overflow_count
                0x008001cb        0x4 C:\Users\EMANCI~1\DOCUME~1\ATMELS~1\7.0\LABDES~1\Lab1\ARDUIN~1\ARDUIN~1\ARDUIN~1\Debug\libArduinoCore.a(wiring.o)
                0x008001cb                timer0_overflow_count
 *(COMMON)
 COMMON         0x008001cf        0x4 c:/program files (x86)/atmel/studio/7.0/toolchain/avr8/avr8-gnu-toolchain/bin/../lib/gcc/avr/4.9.2/../../../../avr/lib/avr5\libc.a(malloc.o)
                0x008001cf                __brkval
                0x008001d1                __flp
                0x008001d3                PROVIDE (__bss_end, .)
                0x0000070e                __data_load_start = LOADADDR (.data)
                0x00000724                __data_load_end = (__data_load_start + SIZEOF (.data))

.noinit         0x008001d3        0x0
                [!provide]                PROVIDE (__noinit_start, .)
 *(.noinit*)
                [!provide]                PROVIDE (__noinit_end, .)
                0x008001d3                _end = .
                0x008001d3                PROVIDE (__heap_start, .)

.eeprom         0x00810000        0x0
 *(.eeprom*)
                0x00810000                __eeprom_end = .

.fuse
 *(.fuse)
 *(.lfuse)
 *(.hfuse)
 *(.efuse)

.lock
 *(.lock*)

.signature
 *(.signature*)

.user_signatures
 *(.user_signatures*)

.stab
 *(.stab)

.stabstr
 *(.stabstr)

.stab.excl
 *(.stab.excl)

.stab.exclstr
 *(.stab.exclstr)

.stab.index
 *(.stab.index)

.stab.indexstr
 *(.stab.indexstr)

.comment        0x00000000       0x30
 *(.comment)
 .comment       0x00000000       0x30 Sketch.o
                                 0x31 (size before relaxing)
 .comment       0x00000030       0x31 src/ASF/mega/boards/atmega328p_xplained_mini/init.o
 .comment       0x00000030       0x31 src/main.o
 .comment       0x00000030       0x31 C:\Users\EMANCI~1\DOCUME~1\ATMELS~1\7.0\LABDES~1\Lab1\ARDUIN~1\ARDUIN~1\ARDUIN~1\Debug\libArduinoCore.a(HardwareSerial.o)
 .comment       0x00000030       0x31 C:\Users\EMANCI~1\DOCUME~1\ATMELS~1\7.0\LABDES~1\Lab1\ARDUIN~1\ARDUIN~1\ARDUIN~1\Debug\libArduinoCore.a(HardwareSerial0.o)
 .comment       0x00000030       0x31 C:\Users\EMANCI~1\DOCUME~1\ATMELS~1\7.0\LABDES~1\Lab1\ARDUIN~1\ARDUIN~1\ARDUIN~1\Debug\libArduinoCore.a(Print.o)
 .comment       0x00000030       0x31 C:\Users\EMANCI~1\DOCUME~1\ATMELS~1\7.0\LABDES~1\Lab1\ARDUIN~1\ARDUIN~1\ARDUIN~1\Debug\libArduinoCore.a(wiring.o)
 .comment       0x00000030       0x31 C:\Users\EMANCI~1\DOCUME~1\ATMELS~1\7.0\LABDES~1\Lab1\ARDUIN~1\ARDUIN~1\ARDUIN~1\Debug\libArduinoCore.a(MD_MAX72xx.o)
 .comment       0x00000030       0x31 c:/program files (x86)/atmel/studio/7.0/toolchain/avr8/avr8-gnu-toolchain/bin/../lib/gcc/avr/4.9.2/../../../../avr/lib/avr5\libc.a(malloc.o)

.note.gnu.avr.deviceinfo
                0x00000000       0x40
 .note.gnu.avr.deviceinfo
                0x00000000       0x40 C:/Program Files (x86)/Atmel/Studio/7.0/Packs/atmel/ATmega_DFP/1.1.130/gcc/dev/atmega328p/avr5/crtatmega328p.o

.note.gnu.build-id
 *(.note.gnu.build-id)

.debug
 *(.debug)

.line
 *(.line)

.debug_srcinfo
 *(.debug_srcinfo)

.debug_sfnames
 *(.debug_sfnames)

.debug_aranges  0x00000000      0x2f8
 *(.debug_aranges)
 .debug_aranges
                0x00000000       0x60 Sketch.o
 .debug_aranges
                0x00000060       0x20 src/ASF/mega/boards/atmega328p_xplained_mini/init.o
 .debug_aranges
                0x00000080       0x20 src/main.o
 .debug_aranges
                0x000000a0       0x68 C:\Users\EMANCI~1\DOCUME~1\ATMELS~1\7.0\LABDES~1\Lab1\ARDUIN~1\ARDUIN~1\ARDUIN~1\Debug\libArduinoCore.a(HardwareSerial.o)
 .debug_aranges
                0x00000108       0x38 C:\Users\EMANCI~1\DOCUME~1\ATMELS~1\7.0\LABDES~1\Lab1\ARDUIN~1\ARDUIN~1\ARDUIN~1\Debug\libArduinoCore.a(HardwareSerial0.o)
 .debug_aranges
                0x00000140       0xf0 C:\Users\EMANCI~1\DOCUME~1\ATMELS~1\7.0\LABDES~1\Lab1\ARDUIN~1\ARDUIN~1\ARDUIN~1\Debug\libArduinoCore.a(Print.o)
 .debug_aranges
                0x00000230       0x48 C:\Users\EMANCI~1\DOCUME~1\ATMELS~1\7.0\LABDES~1\Lab1\ARDUIN~1\ARDUIN~1\ARDUIN~1\Debug\libArduinoCore.a(wiring.o)
 .debug_aranges
                0x00000278       0x80 C:\Users\EMANCI~1\DOCUME~1\ATMELS~1\7.0\LABDES~1\Lab1\ARDUIN~1\ARDUIN~1\ARDUIN~1\Debug\libArduinoCore.a(MD_MAX72xx.o)

.debug_pubnames
 *(.debug_pubnames)

.debug_info     0x00000000     0x96b2
 *(.debug_info .gnu.linkonce.wi.*)
 .debug_info    0x00000000      0x5f4 C:/Program Files (x86)/Atmel/Studio/7.0/Packs/atmel/ATmega_DFP/1.1.130/gcc/dev/atmega328p/avr5/crtatmega328p.o
 .debug_info    0x000005f4     0x1243 Sketch.o
 .debug_info    0x00001837      0x271 src/ASF/mega/boards/atmega328p_xplained_mini/init.o
 .debug_info    0x00001aa8       0x99 src/main.o
 .debug_info    0x00001b41     0x1e51 C:\Users\EMANCI~1\DOCUME~1\ATMELS~1\7.0\LABDES~1\Lab1\ARDUIN~1\ARDUIN~1\ARDUIN~1\Debug\libArduinoCore.a(HardwareSerial.o)
 .debug_info    0x00003992     0x1a4a C:\Users\EMANCI~1\DOCUME~1\ATMELS~1\7.0\LABDES~1\Lab1\ARDUIN~1\ARDUIN~1\ARDUIN~1\Debug\libArduinoCore.a(HardwareSerial0.o)
 .debug_info    0x000053dc     0x29db C:\Users\EMANCI~1\DOCUME~1\ATMELS~1\7.0\LABDES~1\Lab1\ARDUIN~1\ARDUIN~1\ARDUIN~1\Debug\libArduinoCore.a(Print.o)
 .debug_info    0x00007db7      0x2c8 C:\Users\EMANCI~1\DOCUME~1\ATMELS~1\7.0\LABDES~1\Lab1\ARDUIN~1\ARDUIN~1\ARDUIN~1\Debug\libArduinoCore.a(wiring.o)
 .debug_info    0x0000807f     0x1633 C:\Users\EMANCI~1\DOCUME~1\ATMELS~1\7.0\LABDES~1\Lab1\ARDUIN~1\ARDUIN~1\ARDUIN~1\Debug\libArduinoCore.a(MD_MAX72xx.o)

.debug_abbrev   0x00000000     0x1e5e
 *(.debug_abbrev)
 .debug_abbrev  0x00000000      0x5a2 C:/Program Files (x86)/Atmel/Studio/7.0/Packs/atmel/ATmega_DFP/1.1.130/gcc/dev/atmega328p/avr5/crtatmega328p.o
 .debug_abbrev  0x000005a2      0x4ec Sketch.o
 .debug_abbrev  0x00000a8e      0x149 src/ASF/mega/boards/atmega328p_xplained_mini/init.o
 .debug_abbrev  0x00000bd7       0x67 src/main.o
 .debug_abbrev  0x00000c3e      0x478 C:\Users\EMANCI~1\DOCUME~1\ATMELS~1\7.0\LABDES~1\Lab1\ARDUIN~1\ARDUIN~1\ARDUIN~1\Debug\libArduinoCore.a(HardwareSerial.o)
 .debug_abbrev  0x000010b6      0x3b1 C:\Users\EMANCI~1\DOCUME~1\ATMELS~1\7.0\LABDES~1\Lab1\ARDUIN~1\ARDUIN~1\ARDUIN~1\Debug\libArduinoCore.a(HardwareSerial0.o)
 .debug_abbrev  0x00001467      0x487 C:\Users\EMANCI~1\DOCUME~1\ATMELS~1\7.0\LABDES~1\Lab1\ARDUIN~1\ARDUIN~1\ARDUIN~1\Debug\libArduinoCore.a(Print.o)
 .debug_abbrev  0x000018ee      0x145 C:\Users\EMANCI~1\DOCUME~1\ATMELS~1\7.0\LABDES~1\Lab1\ARDUIN~1\ARDUIN~1\ARDUIN~1\Debug\libArduinoCore.a(wiring.o)
 .debug_abbrev  0x00001a33      0x42b C:\Users\EMANCI~1\DOCUME~1\ATMELS~1\7.0\LABDES~1\Lab1\ARDUIN~1\ARDUIN~1\ARDUIN~1\Debug\libArduinoCore.a(MD_MAX72xx.o)

.debug_line     0x00000000     0x22dc
 *(.debug_line .debug_line.* .debug_line_end)
 .debug_line    0x00000000      0x133 C:/Program Files (x86)/Atmel/Studio/7.0/Packs/atmel/ATmega_DFP/1.1.130/gcc/dev/atmega328p/avr5/crtatmega328p.o
 .debug_line    0x00000133      0x3c0 Sketch.o
 .debug_line    0x000004f3      0x472 src/ASF/mega/boards/atmega328p_xplained_mini/init.o
 .debug_line    0x00000965      0x467 src/main.o
 .debug_line    0x00000dcc      0x426 C:\Users\EMANCI~1\DOCUME~1\ATMELS~1\7.0\LABDES~1\Lab1\ARDUIN~1\ARDUIN~1\ARDUIN~1\Debug\libArduinoCore.a(HardwareSerial.o)
 .debug_line    0x000011f2      0x257 C:\Users\EMANCI~1\DOCUME~1\ATMELS~1\7.0\LABDES~1\Lab1\ARDUIN~1\ARDUIN~1\ARDUIN~1\Debug\libArduinoCore.a(HardwareSerial0.o)
 .debug_line    0x00001449      0x63c C:\Users\EMANCI~1\DOCUME~1\ATMELS~1\7.0\LABDES~1\Lab1\ARDUIN~1\ARDUIN~1\ARDUIN~1\Debug\libArduinoCore.a(Print.o)
 .debug_line    0x00001a85      0x299 C:\Users\EMANCI~1\DOCUME~1\ATMELS~1\7.0\LABDES~1\Lab1\ARDUIN~1\ARDUIN~1\ARDUIN~1\Debug\libArduinoCore.a(wiring.o)
 .debug_line    0x00001d1e      0x5be C:\Users\EMANCI~1\DOCUME~1\ATMELS~1\7.0\LABDES~1\Lab1\ARDUIN~1\ARDUIN~1\ARDUIN~1\Debug\libArduinoCore.a(MD_MAX72xx.o)

.debug_frame    0x00000000      0x90c
 *(.debug_frame)
 .debug_frame   0x00000000       0xc4 Sketch.o
 .debug_frame   0x000000c4       0x24 src/ASF/mega/boards/atmega328p_xplained_mini/init.o
 .debug_frame   0x000000e8       0x24 src/main.o
 .debug_frame   0x0000010c      0x110 C:\Users\EMANCI~1\DOCUME~1\ATMELS~1\7.0\LABDES~1\Lab1\ARDUIN~1\ARDUIN~1\ARDUIN~1\Debug\libArduinoCore.a(HardwareSerial.o)
 .debug_frame   0x0000021c       0xc0 C:\Users\EMANCI~1\DOCUME~1\ATMELS~1\7.0\LABDES~1\Lab1\ARDUIN~1\ARDUIN~1\ARDUIN~1\Debug\libArduinoCore.a(HardwareSerial0.o)
 .debug_frame   0x000002dc      0x39c C:\Users\EMANCI~1\DOCUME~1\ATMELS~1\7.0\LABDES~1\Lab1\ARDUIN~1\ARDUIN~1\ARDUIN~1\Debug\libArduinoCore.a(Print.o)
 .debug_frame   0x00000678       0xc4 C:\Users\EMANCI~1\DOCUME~1\ATMELS~1\7.0\LABDES~1\Lab1\ARDUIN~1\ARDUIN~1\ARDUIN~1\Debug\libArduinoCore.a(wiring.o)
 .debug_frame   0x0000073c      0x1d0 C:\Users\EMANCI~1\DOCUME~1\ATMELS~1\7.0\LABDES~1\Lab1\ARDUIN~1\ARDUIN~1\ARDUIN~1\Debug\libArduinoCore.a(MD_MAX72xx.o)

.debug_str      0x00000000    0x12009
 *(.debug_str)
 .debug_str     0x00000000      0x208 C:/Program Files (x86)/Atmel/Studio/7.0/Packs/atmel/ATmega_DFP/1.1.130/gcc/dev/atmega328p/avr5/crtatmega328p.o
 .debug_str     0x00000208      0xdfe Sketch.o
                                0xea6 (size before relaxing)
 .debug_str     0x00001006     0xf974 src/ASF/mega/boards/atmega328p_xplained_mini/init.o
                               0xfbc8 (size before relaxing)
 .debug_str     0x0001097a       0x33 src/main.o
                               0xfa71 (size before relaxing)
 .debug_str     0x000109ad     0x1040 C:\Users\EMANCI~1\DOCUME~1\ATMELS~1\7.0\LABDES~1\Lab1\ARDUIN~1\ARDUIN~1\ARDUIN~1\Debug\libArduinoCore.a(HardwareSerial.o)
                               0x136f (size before relaxing)
 .debug_str     0x000119ed       0x47 C:\Users\EMANCI~1\DOCUME~1\ATMELS~1\7.0\LABDES~1\Lab1\ARDUIN~1\ARDUIN~1\ARDUIN~1\Debug\libArduinoCore.a(HardwareSerial0.o)
                               0x116f (size before relaxing)
 .debug_str     0x00011a34      0x3a3 C:\Users\EMANCI~1\DOCUME~1\ATMELS~1\7.0\LABDES~1\Lab1\ARDUIN~1\ARDUIN~1\ARDUIN~1\Debug\libArduinoCore.a(Print.o)
                                0xfcb (size before relaxing)
 .debug_str     0x00011dd7      0x151 C:\Users\EMANCI~1\DOCUME~1\ATMELS~1\7.0\LABDES~1\Lab1\ARDUIN~1\ARDUIN~1\ARDUIN~1\Debug\libArduinoCore.a(wiring.o)
                                0x264 (size before relaxing)
 .debug_str     0x00011f28       0xe1 C:\Users\EMANCI~1\DOCUME~1\ATMELS~1\7.0\LABDES~1\Lab1\ARDUIN~1\ARDUIN~1\ARDUIN~1\Debug\libArduinoCore.a(MD_MAX72xx.o)
                                0xcd0 (size before relaxing)

.debug_loc      0x00000000     0x360b
 *(.debug_loc)
 .debug_loc     0x00000000      0x14f Sketch.o
 .debug_loc     0x0000014f      0x497 C:\Users\EMANCI~1\DOCUME~1\ATMELS~1\7.0\LABDES~1\Lab1\ARDUIN~1\ARDUIN~1\ARDUIN~1\Debug\libArduinoCore.a(HardwareSerial.o)
 .debug_loc     0x000005e6      0x161 C:\Users\EMANCI~1\DOCUME~1\ATMELS~1\7.0\LABDES~1\Lab1\ARDUIN~1\ARDUIN~1\ARDUIN~1\Debug\libArduinoCore.a(HardwareSerial0.o)
 .debug_loc     0x00000747     0x1ef6 C:\Users\EMANCI~1\DOCUME~1\ATMELS~1\7.0\LABDES~1\Lab1\ARDUIN~1\ARDUIN~1\ARDUIN~1\Debug\libArduinoCore.a(Print.o)
 .debug_loc     0x0000263d      0x269 C:\Users\EMANCI~1\DOCUME~1\ATMELS~1\7.0\LABDES~1\Lab1\ARDUIN~1\ARDUIN~1\ARDUIN~1\Debug\libArduinoCore.a(wiring.o)
 .debug_loc     0x000028a6      0xd65 C:\Users\EMANCI~1\DOCUME~1\ATMELS~1\7.0\LABDES~1\Lab1\ARDUIN~1\ARDUIN~1\ARDUIN~1\Debug\libArduinoCore.a(MD_MAX72xx.o)

.debug_macinfo
 *(.debug_macinfo)

.debug_weaknames
 *(.debug_weaknames)

.debug_funcnames
 *(.debug_funcnames)

.debug_typenames
 *(.debug_typenames)

.debug_varnames
 *(.debug_varnames)

.debug_pubtypes
 *(.debug_pubtypes)

.debug_ranges   0x00000000      0x308
 *(.debug_ranges)
 .debug_ranges  0x00000000       0x50 Sketch.o
 .debug_ranges  0x00000050       0x10 src/ASF/mega/boards/atmega328p_xplained_mini/init.o
 .debug_ranges  0x00000060       0x10 src/main.o
 .debug_ranges  0x00000070       0x70 C:\Users\EMANCI~1\DOCUME~1\ATMELS~1\7.0\LABDES~1\Lab1\ARDUIN~1\ARDUIN~1\ARDUIN~1\Debug\libArduinoCore.a(HardwareSerial.o)
 .debug_ranges  0x000000e0       0x28 C:\Users\EMANCI~1\DOCUME~1\ATMELS~1\7.0\LABDES~1\Lab1\ARDUIN~1\ARDUIN~1\ARDUIN~1\Debug\libArduinoCore.a(HardwareSerial0.o)
 .debug_ranges  0x00000108      0x128 C:\Users\EMANCI~1\DOCUME~1\ATMELS~1\7.0\LABDES~1\Lab1\ARDUIN~1\ARDUIN~1\ARDUIN~1\Debug\libArduinoCore.a(Print.o)
 .debug_ranges  0x00000230       0x38 C:\Users\EMANCI~1\DOCUME~1\ATMELS~1\7.0\LABDES~1\Lab1\ARDUIN~1\ARDUIN~1\ARDUIN~1\Debug\libArduinoCore.a(wiring.o)
 .debug_ranges  0x00000268       0xa0 C:\Users\EMANCI~1\DOCUME~1\ATMELS~1\7.0\LABDES~1\Lab1\ARDUIN~1\ARDUIN~1\ARDUIN~1\Debug\libArduinoCore.a(MD_MAX72xx.o)

.debug_macro    0x00000000     0x3bdc
 *(.debug_macro)
 .debug_macro   0x00000000      0x180 src/ASF/mega/boards/atmega328p_xplained_mini/init.o
 .debug_macro   0x00000180      0xa78 src/ASF/mega/boards/atmega328p_xplained_mini/init.o
 .debug_macro   0x00000bf8       0x10 src/ASF/mega/boards/atmega328p_xplained_mini/init.o
 .debug_macro   0x00000c08      0x1c9 src/ASF/mega/boards/atmega328p_xplained_mini/init.o
 .debug_macro   0x00000dd1      0x2fc src/ASF/mega/boards/atmega328p_xplained_mini/init.o
 .debug_macro   0x000010cd       0x9e src/ASF/mega/boards/atmega328p_xplained_mini/init.o
 .debug_macro   0x0000116b     0x1410 src/ASF/mega/boards/atmega328p_xplained_mini/init.o
 .debug_macro   0x0000257b      0x13a src/ASF/mega/boards/atmega328p_xplained_mini/init.o
 .debug_macro   0x000026b5       0xbd src/ASF/mega/boards/atmega328p_xplained_mini/init.o
 .debug_macro   0x00002772       0x34 src/ASF/mega/boards/atmega328p_xplained_mini/init.o
 .debug_macro   0x000027a6       0x18 src/ASF/mega/boards/atmega328p_xplained_mini/init.o
 .debug_macro   0x000027be       0x6c src/ASF/mega/boards/atmega328p_xplained_mini/init.o
 .debug_macro   0x0000282a       0x22 src/ASF/mega/boards/atmega328p_xplained_mini/init.o
 .debug_macro   0x0000284c      0x166 src/ASF/mega/boards/atmega328p_xplained_mini/init.o
 .debug_macro   0x000029b2       0x1c src/ASF/mega/boards/atmega328p_xplained_mini/init.o
 .debug_macro   0x000029ce       0x35 src/ASF/mega/boards/atmega328p_xplained_mini/init.o
 .debug_macro   0x00002a03       0x66 src/ASF/mega/boards/atmega328p_xplained_mini/init.o
 .debug_macro   0x00002a69      0x652 src/ASF/mega/boards/atmega328p_xplained_mini/init.o
 .debug_macro   0x000030bb       0x44 src/ASF/mega/boards/atmega328p_xplained_mini/init.o
 .debug_macro   0x000030ff       0x69 src/ASF/mega/boards/atmega328p_xplained_mini/init.o
 .debug_macro   0x00003168       0x2c src/ASF/mega/boards/atmega328p_xplained_mini/init.o
 .debug_macro   0x00003194       0x10 src/ASF/mega/boards/atmega328p_xplained_mini/init.o
 .debug_macro   0x000031a4       0xe2 src/ASF/mega/boards/atmega328p_xplained_mini/init.o
 .debug_macro   0x00003286       0x40 src/ASF/mega/boards/atmega328p_xplained_mini/init.o
 .debug_macro   0x000032c6      0x100 src/ASF/mega/boards/atmega328p_xplained_mini/init.o
 .debug_macro   0x000033c6      0x2b9 src/ASF/mega/boards/atmega328p_xplained_mini/init.o
 .debug_macro   0x0000367f       0x56 src/ASF/mega/boards/atmega328p_xplained_mini/init.o
 .debug_macro   0x000036d5       0x40 src/ASF/mega/boards/atmega328p_xplained_mini/init.o
 .debug_macro   0x00003715       0x16 src/ASF/mega/boards/atmega328p_xplained_mini/init.o
 .debug_macro   0x0000372b       0x58 src/ASF/mega/boards/atmega328p_xplained_mini/init.o
 .debug_macro   0x00003783      0x17e src/main.o
 .debug_macro   0x00003901      0x2bf src/main.o
 .debug_macro   0x00003bc0       0x1c src/main.o
OUTPUT(MD_MAX72xx_Message.elf elf32-avr)
LOAD linker stubs
